// Jest Snapshot v1, https://goo.gl/fbAQLP

exports[`<404 /> renders correctly 1`] = `
<h1>
  404. Not found.
</h1>
`;
